This is pdfTeX, Version 3.141592653-2.6-1.40.22 (TeX Live 2022/dev/Debian) (preloaded format=pdflatex 2025.5.12)  31 MAY 2025 16:53
entering extended mode
 restricted \write18 enabled.
 file:line:error style messages enabled.
 %&-line parsing enabled.
**/home/u4/csmi/2024/sarr/feelpp-scimba/docs/reports/2025/CSMI-M1-2025-Feelpp-Scimba-Sarr.tex
(/home/u4/csmi/2024/sarr/feelpp-scimba/docs/reports/2025/CSMI-M1-2025-Feelpp-Scimba-Sarr.tex
LaTeX2e <2021-11-15> patch level 1
L3 programming layer <2022-01-21> (/usr/share/texlive/texmf-dist/tex/latex/base/article.cls
Document Class: article 2021/10/04 v1.4n Standard LaTeX document class
(/usr/share/texlive/texmf-dist/tex/latex/base/size12.clo
File: size12.clo 2021/10/04 v1.4n Standard LaTeX file (size option)
)
\c@part=\count185
\c@section=\count186
\c@subsection=\count187
\c@subsubsection=\count188
\c@paragraph=\count189
\c@subparagraph=\count190
\c@figure=\count191
\c@table=\count192
\abovecaptionskip=\skip47
\belowcaptionskip=\skip48
\bibindent=\dimen138
) (/usr/share/texlive/texmf-dist/tex/latex/base/inputenc.sty
Package: inputenc 2021/02/14 v1.3d Input encoding file
\inpenc@prehook=\toks16
\inpenc@posthook=\toks17
) (/usr/share/texlive/texmf-dist/tex/latex/base/fontenc.sty
Package: fontenc 2021/04/29 v2.0v Standard LaTeX package
) (/usr/share/texlive/texmf-dist/tex/latex/amsmath/amsmath.sty
Package: amsmath 2021/10/15 v2.17l AMS math features
\@mathmargin=\skip49

For additional information on amsmath, use the `?' option.
(/usr/share/texlive/texmf-dist/tex/latex/amsmath/amstext.sty
Package: amstext 2021/08/26 v2.01 AMS text
 (/usr/share/texlive/texmf-dist/tex/latex/amsmath/amsgen.sty
File: amsgen.sty 1999/11/30 v2.0 generic functions
\@emptytoks=\toks18
\ex@=\dimen139
)) (/usr/share/texlive/texmf-dist/tex/latex/amsmath/amsbsy.sty
Package: amsbsy 1999/11/29 v1.2d Bold Symbols
\pmbraise@=\dimen140
) (/usr/share/texlive/texmf-dist/tex/latex/amsmath/amsopn.sty
Package: amsopn 2021/08/26 v2.02 operator names
)
\inf@bad=\count193
LaTeX Info: Redefining \frac on input line 234.
\uproot@=\count194
\leftroot@=\count195
LaTeX Info: Redefining \overline on input line 399.
\classnum@=\count196
\DOTSCASE@=\count197
LaTeX Info: Redefining \ldots on input line 496.
LaTeX Info: Redefining \dots on input line 499.
LaTeX Info: Redefining \cdots on input line 620.
\Mathstrutbox@=\box50
\strutbox@=\box51
\big@size=\dimen141
LaTeX Font Info:    Redeclaring font encoding OML on input line 743.
LaTeX Font Info:    Redeclaring font encoding OMS on input line 744.
\macc@depth=\count198
\c@MaxMatrixCols=\count199
\dotsspace@=\muskip16
\c@parentequation=\count266
\dspbrk@lvl=\count267
\tag@help=\toks19
\row@=\count268
\column@=\count269
\maxfields@=\count270
\andhelp@=\toks20
\eqnshift@=\dimen142
\alignsep@=\dimen143
\tagshift@=\dimen144
\tagwidth@=\dimen145
\totwidth@=\dimen146
\lineht@=\dimen147
\@envbody=\toks21
\multlinegap=\skip50
\multlinetaggap=\skip51
\mathdisplay@stack=\toks22
LaTeX Info: Redefining \[ on input line 2938.
LaTeX Info: Redefining \] on input line 2939.
) (/usr/share/texlive/texmf-dist/tex/latex/graphics/graphicx.sty
Package: graphicx 2021/09/16 v1.2d Enhanced LaTeX Graphics (DPC,SPQR)
 (/usr/share/texlive/texmf-dist/tex/latex/graphics/keyval.sty
Package: keyval 2014/10/28 v1.15 key=value parser (DPC)
\KV@toks@=\toks23
) (/usr/share/texlive/texmf-dist/tex/latex/graphics/graphics.sty
Package: graphics 2021/03/04 v1.4d Standard LaTeX Graphics (DPC,SPQR)
 (/usr/share/texlive/texmf-dist/tex/latex/graphics/trig.sty
Package: trig 2021/08/11 v1.11 sin cos tan (DPC)
) (/usr/share/texlive/texmf-dist/tex/latex/graphics-cfg/graphics.cfg
File: graphics.cfg 2016/06/04 v1.11 sample graphics configuration
)
Package graphics Info: Driver file: pdftex.def on input line 107.
 (/usr/share/texlive/texmf-dist/tex/latex/graphics-def/pdftex.def
File: pdftex.def 2020/10/05 v1.2a Graphics/color driver for pdftex
))
\Gin@req@height=\dimen148
\Gin@req@width=\dimen149
) (/usr/share/texlive/texmf-dist/tex/latex/caption/caption.sty
Package: caption 2020/10/26 v3.5g Customizing captions (AR)
 (/usr/share/texlive/texmf-dist/tex/latex/caption/caption3.sty
Package: caption3 2020/10/21 v2.2e caption3 kernel (AR)
\captionmargin=\dimen150
\captionmargin@=\dimen151
\captionwidth=\dimen152
\caption@tempdima=\dimen153
\caption@indent=\dimen154
\caption@parindent=\dimen155
\caption@hangindent=\dimen156
Package caption Info: Standard document class detected.
)
\c@caption@flags=\count271
\c@continuedfloat=\count272
) (/usr/share/texlive/texmf-dist/tex/latex/caption/subcaption.sty
Package: subcaption 2020/10/07 v1.3j Sub-captions (AR)
\c@subfigure=\count273
\c@subtable=\count274
) (/usr/share/texlive/texmf-dist/tex/latex/hyperref/hyperref.sty
Package: hyperref 2021-06-07 v7.00m Hypertext links for LaTeX
 (/usr/share/texlive/texmf-dist/tex/generic/ltxcmds/ltxcmds.sty
Package: ltxcmds 2020-05-10 v1.25 LaTeX kernel commands for general use (HO)
) (/usr/share/texlive/texmf-dist/tex/generic/iftex/iftex.sty
Package: iftex 2020/03/06 v1.0d TeX engine tests
) (/usr/share/texlive/texmf-dist/tex/generic/pdftexcmds/pdftexcmds.sty
Package: pdftexcmds 2020-06-27 v0.33 Utility functions of pdfTeX for LuaTeX (HO)
 (/usr/share/texlive/texmf-dist/tex/generic/infwarerr/infwarerr.sty
Package: infwarerr 2019/12/03 v1.5 Providing info/warning/error messages (HO)
)
Package pdftexcmds Info: \pdf@primitive is available.
Package pdftexcmds Info: \pdf@ifprimitive is available.
Package pdftexcmds Info: \pdfdraftmode found.
) (/usr/share/texlive/texmf-dist/tex/generic/kvsetkeys/kvsetkeys.sty
Package: kvsetkeys 2019/12/15 v1.18 Key value parser (HO)
) (/usr/share/texlive/texmf-dist/tex/generic/kvdefinekeys/kvdefinekeys.sty
Package: kvdefinekeys 2019-12-19 v1.6 Define keys (HO)
) (/usr/share/texlive/texmf-dist/tex/generic/pdfescape/pdfescape.sty
Package: pdfescape 2019/12/09 v1.15 Implements pdfTeX's escape features (HO)
) (/usr/share/texlive/texmf-dist/tex/latex/hycolor/hycolor.sty
Package: hycolor 2020-01-27 v1.10 Color options for hyperref/bookmark (HO)
) (/usr/share/texlive/texmf-dist/tex/latex/letltxmacro/letltxmacro.sty
Package: letltxmacro 2019/12/03 v1.6 Let assignment for LaTeX macros (HO)
) (/usr/share/texlive/texmf-dist/tex/latex/auxhook/auxhook.sty
Package: auxhook 2019-12-17 v1.6 Hooks for auxiliary files (HO)
) (/usr/share/texlive/texmf-dist/tex/latex/kvoptions/kvoptions.sty
Package: kvoptions 2020-10-07 v3.14 Key value format for package options (HO)
)
\@linkdim=\dimen157
\Hy@linkcounter=\count275
\Hy@pagecounter=\count276
 (/usr/share/texlive/texmf-dist/tex/latex/hyperref/pd1enc.def
File: pd1enc.def 2021-06-07 v7.00m Hyperref: PDFDocEncoding definition (HO)
Now handling font encoding PD1 ...
... no UTF-8 mapping file for font encoding PD1
) (/usr/share/texlive/texmf-dist/tex/latex/hyperref/hyperref-langpatches.def
File: hyperref-langpatches.def 2021-06-07 v7.00m Hyperref: patches for babel languages
) (/usr/share/texlive/texmf-dist/tex/generic/intcalc/intcalc.sty
Package: intcalc 2019/12/15 v1.3 Expandable calculations with integers (HO)
) (/usr/share/texlive/texmf-dist/tex/generic/etexcmds/etexcmds.sty
Package: etexcmds 2019/12/15 v1.7 Avoid name clashes with e-TeX commands (HO)
)
\Hy@SavedSpaceFactor=\count277
 (/usr/share/texlive/texmf-dist/tex/latex/hyperref/puenc.def
File: puenc.def 2021-06-07 v7.00m Hyperref: PDF Unicode definition (HO)
Now handling font encoding PU ...
... no UTF-8 mapping file for font encoding PU
)
Package hyperref Info: Hyper figures OFF on input line 4192.
Package hyperref Info: Link nesting OFF on input line 4197.
Package hyperref Info: Hyper index ON on input line 4200.
Package hyperref Info: Plain pages OFF on input line 4207.
Package hyperref Info: Backreferencing OFF on input line 4212.
Package hyperref Info: Implicit mode ON; LaTeX internals redefined.
Package hyperref Info: Bookmarks ON on input line 4445.
\c@Hy@tempcnt=\count278
 (/usr/share/texlive/texmf-dist/tex/latex/url/url.sty
\Urlmuskip=\muskip17
Package: url 2013/09/16  ver 3.4  Verb mode for urls, etc.
)
LaTeX Info: Redefining \url on input line 4804.
\XeTeXLinkMargin=\dimen158
 (/usr/share/texlive/texmf-dist/tex/generic/bitset/bitset.sty
Package: bitset 2019/12/09 v1.3 Handle bit-vector datatype (HO)
 (/usr/share/texlive/texmf-dist/tex/generic/bigintcalc/bigintcalc.sty
Package: bigintcalc 2019/12/15 v1.5 Expandable calculations on big integers (HO)
))
\Fld@menulength=\count279
\Field@Width=\dimen159
\Fld@charsize=\dimen160
Package hyperref Info: Hyper figures OFF on input line 6076.
Package hyperref Info: Link nesting OFF on input line 6081.
Package hyperref Info: Hyper index ON on input line 6084.
Package hyperref Info: backreferencing OFF on input line 6091.
Package hyperref Info: Link coloring OFF on input line 6096.
Package hyperref Info: Link coloring with OCG OFF on input line 6101.
Package hyperref Info: PDF/A mode OFF on input line 6106.
LaTeX Info: Redefining \ref on input line 6146.
LaTeX Info: Redefining \pageref on input line 6150.
 (/usr/share/texlive/texmf-dist/tex/latex/base/atbegshi-ltx.sty
Package: atbegshi-ltx 2021/01/10 v1.0c Emulation of the original atbegshi
package with kernel methods
)
\Hy@abspage=\count280
\c@Item=\count281
\c@Hfootnote=\count282
)
Package hyperref Info: Driver (autodetected): hpdftex.
 (/usr/share/texlive/texmf-dist/tex/latex/hyperref/hpdftex.def
File: hpdftex.def 2021-06-07 v7.00m Hyperref driver for pdfTeX
 (/usr/share/texlive/texmf-dist/tex/latex/base/atveryend-ltx.sty
Package: atveryend-ltx 2020/08/19 v1.0a Emulation of the original atveryend package
with kernel methods
)
\Fld@listcount=\count283
\c@bookmark@seq@number=\count284
 (/usr/share/texlive/texmf-dist/tex/latex/rerunfilecheck/rerunfilecheck.sty
Package: rerunfilecheck 2019/12/05 v1.9 Rerun checks for auxiliary files (HO)
 (/usr/share/texlive/texmf-dist/tex/generic/uniquecounter/uniquecounter.sty
Package: uniquecounter 2019/12/15 v1.4 Provide unlimited unique counter (HO)
)
Package uniquecounter Info: New unique counter `rerunfilecheck' on input line 286.
)
\Hy@SectionHShift=\skip52
) (/usr/share/texlive/texmf-dist/tex/latex/enumitem/enumitem.sty
Package: enumitem 2019/06/20 v3.9 Customized lists
\labelindent=\skip53
\enit@outerparindent=\dimen161
\enit@toks=\toks24
\enit@inbox=\box52
\enit@count@id=\count285
\enitdp@description=\count286
) (/usr/share/texlive/texmf-dist/tex/latex/geometry/geometry.sty
Package: geometry 2020/01/02 v5.9 Page Geometry
 (/usr/share/texlive/texmf-dist/tex/generic/iftex/ifvtex.sty
Package: ifvtex 2019/10/25 v1.7 ifvtex legacy package. Use iftex instead.
)
\Gm@cnth=\count287
\Gm@cntv=\count288
\c@Gm@tempcnt=\count289
\Gm@bindingoffset=\dimen162
\Gm@wd@mp=\dimen163
\Gm@odd@mp=\dimen164
\Gm@even@mp=\dimen165
\Gm@layoutwidth=\dimen166
\Gm@layoutheight=\dimen167
\Gm@layouthoffset=\dimen168
\Gm@layoutvoffset=\dimen169
\Gm@dimlist=\toks25
) (/usr/share/texlive/texmf-dist/tex/latex/tools/tabularx.sty
Package: tabularx 2020/01/15 v2.11c `tabularx' package (DPC)
 (/usr/share/texlive/texmf-dist/tex/latex/tools/array.sty
Package: array 2021/10/04 v2.5f Tabular extension package (FMi)
\col@sep=\dimen170
\ar@mcellbox=\box53
\extrarowheight=\dimen171
\NC@list=\toks26
\extratabsurround=\skip54
\backup@length=\skip55
\ar@cellbox=\box54
)
\TX@col@width=\dimen172
\TX@old@table=\dimen173
\TX@old@col=\dimen174
\TX@target=\dimen175
\TX@delta=\dimen176
\TX@cols=\count290
\TX@ftn=\toks27
) (/usr/share/texlive/texmf-dist/tex/latex/booktabs/booktabs.sty
Package: booktabs 2020/01/12 v1.61803398 Publication quality tables
\heavyrulewidth=\dimen177
\lightrulewidth=\dimen178
\cmidrulewidth=\dimen179
\belowrulesep=\dimen180
\belowbottomsep=\dimen181
\aboverulesep=\dimen182
\abovetopsep=\dimen183
\cmidrulesep=\dimen184
\cmidrulekern=\dimen185
\defaultaddspace=\dimen186
\@cmidla=\count291
\@cmidlb=\count292
\@aboverulesep=\dimen187
\@belowrulesep=\dimen188
\@thisruleclass=\count293
\@lastruleclass=\count294
\@thisrulewidth=\dimen189
) (/usr/share/texlive/texmf-dist/tex/latex/listings/listings.sty
\lst@mode=\count295
\lst@gtempboxa=\box55
\lst@token=\toks28
\lst@length=\count296
\lst@currlwidth=\dimen190
\lst@column=\count297
\lst@pos=\count298
\lst@lostspace=\dimen191
\lst@width=\dimen192
\lst@newlines=\count299
\lst@lineno=\count300
\lst@maxwidth=\dimen193
 (/usr/share/texlive/texmf-dist/tex/latex/listings/lstmisc.sty
File: lstmisc.sty 2020/03/24 1.8d (Carsten Heinz)
\c@lstnumber=\count301
\lst@skipnumbers=\count302
\lst@framebox=\box56
) (/usr/share/texlive/texmf-dist/tex/latex/listings/listings.cfg
File: listings.cfg 2020/03/24 1.8d listings configuration
))
Package: listings 2020/03/24 1.8d (Carsten Heinz)
 (/usr/share/texlive/texmf-dist/tex/latex/float/float.sty
Package: float 2001/11/08 v1.3d Float enhancements (AL)
\c@float@type=\count303
\float@exts=\toks29
\float@box=\box57
\@float@everytoks=\toks30
\@floatcapt=\box58
) (/usr/share/texlive/texmf-dist/tex/latex/xcolor/xcolor.sty
Package: xcolor 2021/10/31 v2.13 LaTeX color extensions (UK)
 (/usr/share/texlive/texmf-dist/tex/latex/graphics-cfg/color.cfg
File: color.cfg 2016/01/02 v1.6 sample color configuration
)
Package xcolor Info: Driver file: pdftex.def on input line 227.
Package xcolor Info: Model `cmy' substituted by `cmy0' on input line 1352.
Package xcolor Info: Model `hsb' substituted by `rgb' on input line 1356.
Package xcolor Info: Model `RGB' extended on input line 1368.
Package xcolor Info: Model `HTML' substituted by `rgb' on input line 1370.
Package xcolor Info: Model `Hsb' substituted by `hsb' on input line 1371.
Package xcolor Info: Model `tHsb' substituted by `hsb' on input line 1372.
Package xcolor Info: Model `HSB' substituted by `hsb' on input line 1373.
Package xcolor Info: Model `Gray' substituted by `gray' on input line 1374.
Package xcolor Info: Model `wave' substituted by `hsb' on input line 1375.
) (/usr/share/texlive/texmf-dist/tex/latex/l3backend/l3backend-pdftex.def
File: l3backend-pdftex.def 2022-01-12 L3 backend support: PDF output (pdfTeX)
\l__color_backend_stack_int=\count304
\l__pdf_internal_box=\box59
) (./CSMI-M1-2025-Feelpp-Scimba-Sarr.aux)
\openout1 = `CSMI-M1-2025-Feelpp-Scimba-Sarr.aux'.

LaTeX Font Info:    Checking defaults for OML/cmm/m/it on input line 46.
LaTeX Font Info:    ... okay on input line 46.
LaTeX Font Info:    Checking defaults for OMS/cmsy/m/n on input line 46.
LaTeX Font Info:    ... okay on input line 46.
LaTeX Font Info:    Checking defaults for OT1/cmr/m/n on input line 46.
LaTeX Font Info:    ... okay on input line 46.
LaTeX Font Info:    Checking defaults for T1/cmr/m/n on input line 46.
LaTeX Font Info:    ... okay on input line 46.
LaTeX Font Info:    Checking defaults for TS1/cmr/m/n on input line 46.
LaTeX Font Info:    ... okay on input line 46.
LaTeX Font Info:    Checking defaults for OMX/cmex/m/n on input line 46.
LaTeX Font Info:    ... okay on input line 46.
LaTeX Font Info:    Checking defaults for U/cmr/m/n on input line 46.
LaTeX Font Info:    ... okay on input line 46.
LaTeX Font Info:    Checking defaults for PD1/pdf/m/n on input line 46.
LaTeX Font Info:    ... okay on input line 46.
LaTeX Font Info:    Checking defaults for PU/pdf/m/n on input line 46.
LaTeX Font Info:    ... okay on input line 46.
 (/usr/share/texlive/texmf-dist/tex/context/base/mkii/supp-pdf.mkii
[Loading MPS to PDF converter (version 2006.09.02).]
\scratchcounter=\count305
\scratchdimen=\dimen194
\scratchbox=\box60
\nofMPsegments=\count306
\nofMParguments=\count307
\everyMPshowfont=\toks31
\MPscratchCnt=\count308
\MPscratchDim=\dimen195
\MPnumerator=\count309
\makeMPintoPDFobject=\count310
\everyMPtoPDFconversion=\toks32
) (/usr/share/texlive/texmf-dist/tex/latex/epstopdf-pkg/epstopdf-base.sty
Package: epstopdf-base 2020-01-24 v2.11 Base part for package epstopdf
Package epstopdf-base Info: Redefining graphics rule for `.eps' on input line 485.
 (/usr/share/texlive/texmf-dist/tex/latex/latexconfig/epstopdf-sys.cfg
File: epstopdf-sys.cfg 2010/07/13 v1.3 Configuration of (r)epstopdf for TeX Live
))
Package caption Info: Begin \AtBeginDocument code.
Package caption Info: float package is loaded.
Package caption Info: hyperref package is loaded.
Package caption Info: listings package is loaded.
Package caption Info: End \AtBeginDocument code.
Package hyperref Info: Link coloring OFF on input line 46.
 (/usr/share/texlive/texmf-dist/tex/latex/hyperref/nameref.sty
Package: nameref 2021-04-02 v2.47 Cross-referencing by name of section
 (/usr/share/texlive/texmf-dist/tex/latex/refcount/refcount.sty
Package: refcount 2019/12/15 v3.6 Data extraction from label references (HO)
) (/usr/share/texlive/texmf-dist/tex/generic/gettitlestring/gettitlestring.sty
Package: gettitlestring 2019/12/15 v1.6 Cleanup title references (HO)
)
\c@section@level=\count311
)
LaTeX Info: Redefining \ref on input line 46.
LaTeX Info: Redefining \pageref on input line 46.
LaTeX Info: Redefining \nameref on input line 46.
\@outlinefile=\write3
\openout3 = `CSMI-M1-2025-Feelpp-Scimba-Sarr.out'.


*geometry* driver: auto-detecting
*geometry* detected driver: pdftex
*geometry* verbose mode - [ preamble ] result:
* driver: pdftex
* paper: a4paper
* layout: <same size as paper>
* layoutoffset:(h,v)=(0.0pt,0.0pt)
* modes: 
* h-part:(L,W,R)=(72.26999pt, 452.9679pt, 72.26999pt)
* v-part:(T,H,B)=(72.26999pt, 700.50687pt, 72.26999pt)
* \paperwidth=597.50787pt
* \paperheight=845.04684pt
* \textwidth=452.9679pt
* \textheight=700.50687pt
* \oddsidemargin=0.0pt
* \evensidemargin=0.0pt
* \topmargin=-37.0pt
* \headheight=12.0pt
* \headsep=25.0pt
* \topskip=12.0pt
* \footskip=30.0pt
* \marginparwidth=44.0pt
* \marginparsep=10.0pt
* \columnsep=10.0pt
* \skip\footins=10.8pt plus 4.0pt minus 2.0pt
* \hoffset=0.0pt
* \voffset=0.0pt
* \mag=1000
* \@twocolumnfalse
* \@twosidefalse
* \@mparswitchfalse
* \@reversemarginfalse
* (1in=72.27pt=25.4mm, 1cm=28.453pt)

\c@lstlisting=\count312
\tf@toc=\write4
\openout4 = `CSMI-M1-2025-Feelpp-Scimba-Sarr.toc'.

[1

{/var/lib/texmf/fonts/map/pdftex/updmap/pdftex.map}] [2] [3] (/usr/share/texlive/texmf-dist/tex/latex/listings/lstlang1.sty
File: lstlang1.sty 2020/03/24 1.8d listings language file
)
Package hyperref Info: bookmark level for unknown lstlisting defaults to 0 on input line 130.
LaTeX Font Info:    Trying to load font information for T1+cmtt on input line 130.
 (/usr/share/texlive/texmf-dist/tex/latex/base/t1cmtt.fd
File: t1cmtt.fd 2019/12/16 v2.5j Standard LaTeX font definitions
) [4]
Overfull \hbox (59.04826pt too wide) in paragraph at lines 181--190
 [][] 
 []

<conv_Feel.png, id=85, 903.375pt x 903.375pt>
File: conv_Feel.png Graphic file (type png)
<use conv_Feel.png>
Package pdftex.def Info: conv_Feel.png  used on input line 200.
(pdftex.def)             Requested size: 452.9679pt x 452.98213pt.
[5]

LaTeX Warning: Reference `fig:feelpp_convergence_plot' on page 6 undefined on input line 210.


LaTeX Warning: Reference `tab:feelpp_convergence' on page 6 undefined on input line 210.

[6 <./conv_Feel.png>]

LaTeX Warning: Reference `fig:feelpp_convergence_plot' on page 7 undefined on input line 216.

/home/u4/csmi/2024/sarr/feelpp-scimba/docs/reports/2025/CSMI-M1-2025-Feelpp-Scimba-Sarr.tex:260: Missing $ inserted.
<inserted text> 
                $
l.260 ...e (h) & Number of Collocation Points (nb_
                                                  coll) & $L^2$ Error \\
I've inserted a begin-math/end-math symbol since I think
you left one out. Proceed, with fingers crossed.

/home/u4/csmi/2024/sarr/feelpp-scimba/docs/reports/2025/CSMI-M1-2025-Feelpp-Scimba-Sarr.tex:260: Missing $ inserted.
<inserted text> 
                $
l.260 ... Number of Collocation Points (nb_coll) &
                                                   $L^2$ Error \\
I've inserted something that you may have forgotten.
(See the <inserted text> above.)
With luck, this will get me unwedged. But if you
really didn't forget anything, try typing `2' now; then
my insertion and my current dilemma will both disappear.


LaTeX Warning: `!h' float specifier changed to `!ht'.


LaTeX Warning: Reference `tab:scimba_l2_error' on page 7 undefined on input line 271.

[7]
<conv_Scimba.png, id=139, 903.375pt x 903.375pt>
File: conv_Scimba.png Graphic file (type png)
<use conv_Scimba.png>
Package pdftex.def Info: conv_Scimba.png  used on input line 290.
(pdftex.def)             Requested size: 452.9679pt x 452.98213pt.
 [8]

LaTeX Warning: Reference `tab:scimba_l2_error' on page 9 undefined on input line 297.


LaTeX Warning: Reference `fig:scimba_convergence_plot' on page 9 undefined on input line 299.

[9 <./conv_Scimba.png>]
<Solution_Feel.png, id=162, 1027.84pt x 770.88pt>
File: Solution_Feel.png Graphic file (type png)
<use Solution_Feel.png>
Package pdftex.def Info: Solution_Feel.png  used on input line 322.
(pdftex.def)             Requested size: 226.48395pt x 169.8529pt.
<Solution_Scimba.png, id=163, 1027.84pt x 770.88pt>
File: Solution_Scimba.png Graphic file (type png)
<use Solution_Scimba.png>
Package pdftex.def Info: Solution_Scimba.png  used on input line 323.
(pdftex.def)             Requested size: 226.48395pt x 169.8529pt.
<Exact_Solution.png, id=164, 1027.84pt x 770.88pt>
File: Exact_Solution.png Graphic file (type png)
<use Exact_Solution.png>
Package pdftex.def Info: Exact_Solution.png  used on input line 324.
(pdftex.def)             Requested size: 226.48395pt x 169.8529pt.
 [10]

LaTeX Warning: Reference `fig:solution_comparison' on page 11 undefined on input line 330.

[11 <./Solution_Feel.png (PNG copy)> <./Solution_Scimba.png (PNG copy)> <./Exact_Solution.png (PNG copy)>]
<Err_Feel.png, id=175, 1027.84pt x 770.88pt>
File: Err_Feel.png Graphic file (type png)
<use Err_Feel.png>
Package pdftex.def Info: Err_Feel.png  used on input line 341.
(pdftex.def)             Requested size: 317.07614pt x 237.80583pt.
<Err_Scimba.png, id=176, 1027.84pt x 770.88pt>
File: Err_Scimba.png Graphic file (type png)
<use Err_Scimba.png>
Package pdftex.def Info: Err_Scimba.png  used on input line 342.
(pdftex.def)             Requested size: 317.07614pt x 237.80583pt.
 [12]

LaTeX Warning: Reference `fig:error_comparison' on page 13 undefined on input line 348.


Overfull \hbox (2.52692pt too wide) in paragraph at lines 348--349
\T1/cmr/m/n/12 bound-aries. In con-trast, the SciMBA so-lu-tion er-ror, rep-re-sented as $\OMS/cmsy/m/n/12 j\OML/cmm/m/it/12 u[] \OMS/cmsy/m/n/12 ^^@ \OML/cmm/m/it/12 u[]\OMS/cmsy/m/n/12 j\OML/cmm/m/it/12 =\OMS/cmsy/m/n/12 j\OML/cmm/m/it/12 u[]\OMS/cmsy/m/n/12 j$\T1/cmr/m/n/12 ,
 []

[13 <./Err_Feel.png (PNG copy)> <./Err_Scimba.png (PNG copy)>]
File: conv_Feel.png Graphic file (type png)
<use conv_Feel.png>
Package pdftex.def Info: conv_Feel.png  used on input line 356.
(pdftex.def)             Requested size: 226.48395pt x 226.47728pt.
File: conv_Scimba.png Graphic file (type png)
<use conv_Scimba.png>
Package pdftex.def Info: conv_Scimba.png  used on input line 363.
(pdftex.def)             Requested size: 226.48395pt x 226.47728pt.


LaTeX Warning: Reference `fig:l2_convergence_comparison' on page 14 undefined on input line 372.

[14]
Overfull \hbox (0.27414pt too wide) in paragraph at lines 384--385
[]\T1/cmr/m/n/12 A de-tailed con-ver-gence anal-y-sis high-lighted the dis-tinct char-ac-ter-is-tics of each method.
 []

[15] [16]

/home/u4/csmi/2024/sarr/feelpp-scimba/docs/reports/2025/CSMI-M1-2025-Feelpp-Scimba-Sarr.tex:463: LaTeX Error: Invalid UTF-8 byte sequence (√\lst@EC©).

See the LaTeX manual or LaTeX Companion for explanation.
Type  H <return>  for immediate help.
 ...                                              
                                                  
l.463     # D√©finition 
                        du coefficient de diffusion d√©pendant de mu (*@\hfi...
The document does not appear to be in UTF-8 encoding.
Try adding \UseRawInputEncoding as the first line of the file
or specify an encoding such as \usepackage [latin1]{inputenc}
in the document preamble.
Alternatively, save the file in UTF-8 using your editor or another tool


/home/u4/csmi/2024/sarr/feelpp-scimba/docs/reports/2025/CSMI-M1-2025-Feelpp-Scimba-Sarr.tex:463: LaTeX Error: Invalid UTF-8 byte sequence (√\lst@EC©).

See the LaTeX manual or LaTeX Companion for explanation.
Type  H <return>  for immediate help.
 ...                                              
                                                  
l.463 ...n du coefficient de diffusion d√©pendant 
                                                  de mu (*@\hfill \textit{\t...
The document does not appear to be in UTF-8 encoding.
Try adding \UseRawInputEncoding as the first line of the file
or specify an encoding such as \usepackage [latin1]{inputenc}
in the document preamble.
Alternatively, save the file in UTF-8 using your editor or another tool

[17] [18]

/home/u4/csmi/2024/sarr/feelpp-scimba/docs/reports/2025/CSMI-M1-2025-Feelpp-Scimba-Sarr.tex:571: LaTeX Error: Invalid UTF-8 byte sequence (√\lst@EC©).

See the LaTeX manual or LaTeX Companion for explanation.
Type  H <return>  for immediate help.
 ...                                              
                                                  
l.571 # Diff√©rentes 
                     valeurs de mu √† tester
The document does not appear to be in UTF-8 encoding.
Try adding \UseRawInputEncoding as the first line of the file
or specify an encoding such as \usepackage [latin1]{inputenc}
in the document preamble.
Alternatively, save the file in UTF-8 using your editor or another tool


/home/u4/csmi/2024/sarr/feelpp-scimba/docs/reports/2025/CSMI-M1-2025-Feelpp-Scimba-Sarr.tex:571: LaTeX Error: Invalid UTF-8 byte sequence (√\lst@EC†).

See the LaTeX manual or LaTeX Companion for explanation.
Type  H <return>  for immediate help.
 ...                                              
                                                  
l.571 # Diff√©rentes valeurs de mu √† 
                                      tester
The document does not appear to be in UTF-8 encoding.
Try adding \UseRawInputEncoding as the first line of the file
or specify an encoding such as \usepackage [latin1]{inputenc}
in the document preamble.
Alternatively, save the file in UTF-8 using your editor or another tool


/home/u4/csmi/2024/sarr/feelpp-scimba/docs/reports/2025/CSMI-M1-2025-Feelpp-Scimba-Sarr.tex:575: LaTeX Error: Invalid UTF-8 byte sequence (√\lst@EC©).

See the LaTeX manual or LaTeX Companion for explanation.
Type  H <return>  for immediate help.
 ...                                              
                                                  
l.575     print(f"R√©solution 
                              pour mu = {mu}") (*@\hfill \textit{\tiny }@*)
The document does not appear to be in UTF-8 encoding.
Try adding \UseRawInputEncoding as the first line of the file
or specify an encoding such as \usepackage [latin1]{inputenc}
in the document preamble.
Alternatively, save the file in UTF-8 using your editor or another tool

[19]

/home/u4/csmi/2024/sarr/feelpp-scimba/docs/reports/2025/CSMI-M1-2025-Feelpp-Scimba-Sarr.tex:584: LaTeX Error: Invalid UTF-8 byte sequence (√\lst@EC©).

See the LaTeX manual or LaTeX Companion for explanation.
Type  H <return>  for immediate help.
 ...                                              
                                                  
l.584 ...(f"Simulation de diffusion param√©trique 
                                                  termin√©e pour mu = {mu}")...
The document does not appear to be in UTF-8 encoding.
Try adding \UseRawInputEncoding as the first line of the file
or specify an encoding such as \usepackage [latin1]{inputenc}
in the document preamble.
Alternatively, save the file in UTF-8 using your editor or another tool


/home/u4/csmi/2024/sarr/feelpp-scimba/docs/reports/2025/CSMI-M1-2025-Feelpp-Scimba-Sarr.tex:584: LaTeX Error: Invalid UTF-8 byte sequence (√\lst@EC©).

See the LaTeX manual or LaTeX Companion for explanation.
Type  H <return>  for immediate help.
 ...                                              
                                                  
l.584 ...ion de diffusion param√©trique termin√©e 
                                                  pour mu = {mu}") (*@\hfill...
The document does not appear to be in UTF-8 encoding.
Try adding \UseRawInputEncoding as the first line of the file
or specify an encoding such as \usepackage [latin1]{inputenc}
in the document preamble.
Alternatively, save the file in UTF-8 using your editor or another tool


/home/u4/csmi/2024/sarr/feelpp-scimba/docs/reports/2025/CSMI-M1-2025-Feelpp-Scimba-Sarr.tex:586: LaTeX Error: Invalid UTF-8 byte sequence (√\lst@EC©).

See the LaTeX manual or LaTeX Companion for explanation.
Type  H <return>  for immediate help.
 ...                                              
                                                  
l.586 print("Termin√© 
                      les simulations de diffusion param√©trique pour toutes...
The document does not appear to be in UTF-8 encoding.
Try adding \UseRawInputEncoding as the first line of the file
or specify an encoding such as \usepackage [latin1]{inputenc}
in the document preamble.
Alternatively, save the file in UTF-8 using your editor or another tool


/home/u4/csmi/2024/sarr/feelpp-scimba/docs/reports/2025/CSMI-M1-2025-Feelpp-Scimba-Sarr.tex:586: LaTeX Error: Invalid UTF-8 byte sequence (√\lst@EC©).

See the LaTeX manual or LaTeX Companion for explanation.
Type  H <return>  for immediate help.
 ...                                              
                                                  
l.586 ...s simulations de diffusion param√©trique 
                                                  pour toutes les valeurs de...
The document does not appear to be in UTF-8 encoding.
Try adding \UseRawInputEncoding as the first line of the file
or specify an encoding such as \usepackage [latin1]{inputenc}
in the document preamble.
Alternatively, save the file in UTF-8 using your editor or another tool

<mu-01_Feel.png, id=374, 1027.84pt x 770.88pt>
File: mu-01_Feel.png Graphic file (type png)
<use mu-01_Feel.png>
Package pdftex.def Info: mu-01_Feel.png  used on input line 597.
(pdftex.def)             Requested size: 221.95676pt x 166.46526pt.
<mu-05_Feel.png, id=375, 1027.84pt x 770.88pt>
File: mu-05_Feel.png Graphic file (type png)
<use mu-05_Feel.png>
Package pdftex.def Info: mu-05_Feel.png  used on input line 603.
(pdftex.def)             Requested size: 221.95676pt x 166.46526pt.
<mu-1_Feel.png, id=376, 1027.84pt x 770.88pt>
File: mu-1_Feel.png Graphic file (type png)
<use mu-1_Feel.png>
Package pdftex.def Info: mu-1_Feel.png  used on input line 609.
(pdftex.def)             Requested size: 221.95676pt x 166.46526pt.
<mu-2_Feel.png, id=377, 1027.84pt x 770.88pt>
File: mu-2_Feel.png Graphic file (type png)
<use mu-2_Feel.png>
Package pdftex.def Info: mu-2_Feel.png  used on input line 615.
(pdftex.def)             Requested size: 221.95676pt x 166.46526pt.

LaTeX Warning: Reference `fig:parametric_solutions' on page 20 undefined on input line 623.

[20 <./mu-01_Feel.png (PNG copy)> <./mu-05_Feel.png (PNG copy)> <./mu-1_Feel.png (PNG copy)> <./mu-2_Feel.png (PNG copy)>]
<01-conv.png, id=392, 903.375pt x 903.375pt>
File: 01-conv.png Graphic file (type png)
<use 01-conv.png>
Package pdftex.def Info: 01-conv.png  used on input line 633.
(pdftex.def)             Requested size: 217.42265pt x 217.42094pt.
<05-conv.png, id=393, 903.375pt x 903.375pt>
File: 05-conv.png Graphic file (type png)
<use 05-conv.png>
Package pdftex.def Info: 05-conv.png  used on input line 639.
(pdftex.def)             Requested size: 217.42265pt x 217.42094pt.
<1-conv.png, id=394, 903.375pt x 903.375pt>
File: 1-conv.png Graphic file (type png)
<use 1-conv.png>
Package pdftex.def Info: 1-conv.png  used on input line 645.
(pdftex.def)             Requested size: 217.42265pt x 217.42094pt.
<2-conv.png, id=395, 903.375pt x 903.375pt>
File: 2-conv.png Graphic file (type png)
<use 2-conv.png>
Package pdftex.def Info: 2-conv.png  used on input line 651.
(pdftex.def)             Requested size: 217.42265pt x 217.42094pt.


LaTeX Warning: Reference `fig:parametric_convergences' on page 21 undefined on input line 658.

[21 <./01-conv.png> <./05-conv.png> <./1-conv.png> <./2-conv.png>]
Underfull \hbox (badness 10000) in paragraph at lines 669--671

 []

[22] (./CSMI-M1-2025-Feelpp-Scimba-Sarr.aux)

LaTeX Warning: There were undefined references.


LaTeX Warning: Label(s) may have changed. Rerun to get cross-references right.


Package rerunfilecheck Warning: File `CSMI-M1-2025-Feelpp-Scimba-Sarr.out' has changed.
(rerunfilecheck)                Rerun to get outlines right
(rerunfilecheck)                or use package `bookmark'.

Package rerunfilecheck Info: Checksums for `CSMI-M1-2025-Feelpp-Scimba-Sarr.out':
(rerunfilecheck)             Before: <no file>
(rerunfilecheck)             After:  F61DA0F133F69C7AD5D29BA410A21E48;5659.
 ) 
Here is how much of TeX's memory you used:
 14210 strings out of 478287
 221201 string characters out of 5849289
 1088969 words of memory out of 5000000
 31930 multiletter control sequences out of 15000+600000
 485149 words of font info for 65 fonts, out of 8000000 for 9000
 1141 hyphenation exceptions out of 8191
 60i,10n,63p,1121b,2068s stack positions out of 5000i,500n,10000p,200000b,80000s
{/usr/share/texmf/fonts/enc/dvips/cm-super/cm-super-t1.enc}{/usr/share/texmf/fonts/enc/dvips/cm-super/cm-super-ts1.enc}</usr/share/texlive/texmf-dist/fonts/type1/public/amsfonts/cm/cmex10.pfb></usr/share/texlive/texmf-dist/fonts/type1/public/amsfonts/cm/cmmi12.pfb></usr/share/texlive/texmf-dist/fonts/type1/public/amsfonts/cm/cmmi8.pfb></usr/share/texlive/texmf-dist/fonts/type1/public/amsfonts/cm/cmr12.pfb></usr/share/texlive/texmf-dist/fonts/type1/public/amsfonts/cm/cmr8.pfb></usr/share/texlive/texmf-dist/fonts/type1/public/amsfonts/cm/cmsy10.pfb></usr/share/texmf/fonts/type1/public/cm-super/sfbx1200.pfb></usr/share/texmf/fonts/type1/public/cm-super/sfbx1440.pfb></usr/share/texmf/fonts/type1/public/cm-super/sfbx1728.pfb></usr/share/texmf/fonts/type1/public/cm-super/sfit0800.pfb></usr/share/texmf/fonts/type1/public/cm-super/sfrm0600.pfb></usr/share/texmf/fonts/type1/public/cm-super/sfrm0800.pfb></usr/share/texmf/fonts/type1/public/cm-super/sfrm1200.pfb></usr/share/texmf/fonts/type1/public/cm-super/sfrm1440.pfb></usr/share/texmf/fonts/type1/public/cm-super/sfrm1728.pfb></usr/share/texmf/fonts/type1/public/cm-super/sfrm2074.pfb></usr/share/texmf/fonts/type1/public/cm-super/sfti1200.pfb></usr/share/texmf/fonts/type1/public/cm-super/sftt1095.pfb></usr/share/texmf/fonts/type1/public/cm-super/sftt1200.pfb>
Output written on CSMI-M1-2025-Feelpp-Scimba-Sarr.pdf (22 pages, 2930191 bytes).
PDF statistics:
 564 PDF objects out of 1000 (max. 8388607)
 475 compressed objects within 5 object streams
 297 named destinations out of 1000 (max. 500000)
 76 words of extra memory for PDF output out of 10000 (max. 10000000)

